[19:14:25][129466575992640][INFO][asynclogger:49]	DataManager construct start
[19:14:26][129466575992640][INFO][asynclogger:33]	ReadConfig start
[19:14:26][129466575992640][INFO][asynclogger:62]	init datamanager
[19:14:26][129466575992640][INFO][asynclogger:130]	data_message Insert start
[19:14:27][129466575992640][INFO][asynclogger:93]	message storage start
[19:14:27][129466575992640][INFO][asynclogger:115]	new message for StorageInfo:
[19:14:27][129466575992640][INFO][asynclogger:263]	Serialize: ss.str
[19:14:27][129466575992640][INFO][asynclogger:124]	message storage end
[19:14:28][129466575992640][INFO][asynclogger:139]	data_message Insert end
[19:14:28][129466575992640][INFO][asynclogger:53]	DataManager construct end
[19:16:08][129466420426496][INFO][asynclogger:193]	ListShow
[19:16:09][129466420426496][INFO][asynclogger:196]	ListShow:files.size:1
[19:16:12][129466420426496][INFO][asynclogger:229]	ListShow:success
[19:16:16][129466412033792][INFO][asynclogger:245]	Download
[19:16:18][129466412033792][INFO][asynclogger:250]	Download:resource_path:/download/global.h
[19:16:20][129466412033792][INFO][asynclogger:264]	Download:download_path:./low_storage/global.h
[19:16:21][129466412033792][INFO][asynclogger:356]	Download:retrans success
[19:16:21][129466412033792][INFO][asynclogger:366]	Download:success
[19:16:30][129466420426496][INFO][asynclogger:245]	Download
[19:16:42][129466412033792][INFO][asynclogger:245]	Download
[19:16:42][129466412033792][INFO][asynclogger:250]	Download:resource_path:/download/global.h
[19:16:43][129466412033792][INFO][asynclogger:264]	Download:download_path:./low_storage/global.h
[19:16:43][129466412033792][INFO][asynclogger:356]	Download:retrans success
[19:16:44][129466412033792][INFO][asynclogger:366]	Download:success
[19:16:45][129466412033792][INFO][asynclogger:245]	Download
[19:16:45][129466412033792][INFO][asynclogger:250]	Download:resource_path:/download/global.h
[19:16:45][129466412033792][INFO][asynclogger:264]	Download:download_path:./low_storage/global.h
[19:16:47][129466412033792][INFO][asynclogger:356]	Download:retrans success
[19:16:47][129466412033792][INFO][asynclogger:366]	Download:success
[19:16:47][129466412033792][INFO][asynclogger:193]	ListShow
[19:16:49][129466420426496][INFO][asynclogger:250]	Download:resource_path:/download/global.h
[19:16:49][129466412033792][INFO][asynclogger:196]	ListShow:files.size:1
[19:16:50][129466420426496][INFO][asynclogger:264]	Download:download_path:./low_storage/global.h
[19:16:50][129466412033792][INFO][asynclogger:229]	ListShow:success
[19:16:50][129466420426496][INFO][asynclogger:356]	Download:retrans success
[19:16:51][129466420426496][INFO][asynclogger:366]	Download:success
[19:16:54][129466420426496][INFO][asynclogger:245]	Download
[19:16:54][129466420426496][INFO][asynclogger:250]	Download:resource_path:/download/global.h
[19:16:55][129466420426496][INFO][asynclogger:264]	Download:download_path:./low_storage/global.h
[19:16:55][129466420426496][INFO][asynclogger:356]	Download:retrans success
[19:16:55][129466420426496][INFO][asynclogger:366]	Download:success
