Performing C++ SOURCE FILE Test CMAKE_HAVE_LIBC_PTHREAD failed with the following output:
Change Dir: /mnt/c/Users/93915/Desktop/AsyncLogSystem-main/src/build/CMakeFiles/CMakeTmp

Run Build Command(s):/usr/bin/make cmTC_3fadb/fast && /usr/bin/make -f CMakeFiles/cmTC_3fadb.dir/build.make CMakeFiles/cmTC_3fadb.dir/build
make[1]: Entering directory '/mnt/c/Users/93915/Desktop/AsyncLogSystem-main/src/build/CMakeFiles/CMakeTmp'
Building CXX object CMakeFiles/cmTC_3fadb.dir/src.cxx.o
/usr/bin/c++    -DCMAKE_HAVE_LIBC_PTHREAD   -std=gnu++17 -o CMakeFiles/cmTC_3fadb.dir/src.cxx.o -c /mnt/c/Users/93915/Desktop/AsyncLogSystem-main/src/build/CMakeFiles/CMakeTmp/src.cxx
Linking CXX executable cmTC_3fadb
/usr/bin/cmake -E cmake_link_script CMakeFiles/cmTC_3fadb.dir/link.txt --verbose=1
/usr/bin/c++   -DCMAKE_HAVE_LIBC_PTHREAD    CMakeFiles/cmTC_3fadb.dir/src.cxx.o  -o cmTC_3fadb 
/usr/bin/ld: CMakeFiles/cmTC_3fadb.dir/src.cxx.o: in function `main':
src.cxx:(.text+0x46): undefined reference to `pthread_create'
/usr/bin/ld: src.cxx:(.text+0x52): undefined reference to `pthread_detach'
/usr/bin/ld: src.cxx:(.text+0x63): undefined reference to `pthread_join'
collect2: error: ld returned 1 exit status
make[1]: *** [CMakeFiles/cmTC_3fadb.dir/build.make:87: cmTC_3fadb] Error 1
make[1]: Leaving directory '/mnt/c/Users/93915/Desktop/AsyncLogSystem-main/src/build/CMakeFiles/CMakeTmp'
make: *** [Makefile:121: cmTC_3fadb/fast] Error 2


Source file was:
#include <pthread.h>

void* test_func(void* data)
{
  return data;
}

int main(void)
{
  pthread_t thread;
  pthread_create(&thread, NULL, test_func, NULL);
  pthread_detach(thread);
  pthread_join(thread, NULL);
  pthread_atfork(NULL, NULL, NULL);
  pthread_exit(NULL);

  return 0;
}

Determining if the function pthread_create exists in the pthreads failed with the following output:
Change Dir: /mnt/c/Users/93915/Desktop/AsyncLogSystem-main/src/build/CMakeFiles/CMakeTmp

Run Build Command(s):/usr/bin/make cmTC_a4c6a/fast && /usr/bin/make -f CMakeFiles/cmTC_a4c6a.dir/build.make CMakeFiles/cmTC_a4c6a.dir/build
make[1]: Entering directory '/mnt/c/Users/93915/Desktop/AsyncLogSystem-main/src/build/CMakeFiles/CMakeTmp'
Building CXX object CMakeFiles/cmTC_a4c6a.dir/CheckFunctionExists.cxx.o
/usr/bin/c++    -DCHECK_FUNCTION_EXISTS=pthread_create   -std=gnu++17 -o CMakeFiles/cmTC_a4c6a.dir/CheckFunctionExists.cxx.o -c /mnt/c/Users/93915/Desktop/AsyncLogSystem-main/src/build/CMakeFiles/CheckLibraryExists/CheckFunctionExists.cxx
Linking CXX executable cmTC_a4c6a
/usr/bin/cmake -E cmake_link_script CMakeFiles/cmTC_a4c6a.dir/link.txt --verbose=1
/usr/bin/c++   -DCHECK_FUNCTION_EXISTS=pthread_create    CMakeFiles/cmTC_a4c6a.dir/CheckFunctionExists.cxx.o  -o cmTC_a4c6a  -lpthreads 
/usr/bin/ld: cannot find -lpthreads
collect2: error: ld returned 1 exit status
make[1]: *** [CMakeFiles/cmTC_a4c6a.dir/build.make:87: cmTC_a4c6a] Error 1
make[1]: Leaving directory '/mnt/c/Users/93915/Desktop/AsyncLogSystem-main/src/build/CMakeFiles/CMakeTmp'
make: *** [Makefile:121: cmTC_a4c6a/fast] Error 2



